module-11-runtime/server/app.ts(28,23): error TS7006: Parameter '_req' implicitly has an 'any' type.
module-11-runtime/server/app.ts(28,29): error TS7006: Parameter 'res' implicitly has an 'any' type.
